pact_mock_server_cli-create [CLIVERSION]
Creates a new mock server from a pact file

USAGE:
    pact_mock_server_cli create [OPTIONS] --file <file>

OPTIONS:
    -c, --cors-preflight         Handle CORS pre-flight requests
    -f, --file <file>            the pact file to define the mock server
    -h, --host <host>            hostname the master mock server runs on (defaults to localhost)
        --help                   Print help information
    -l, --loglevel <loglevel>    Log level for mock servers to write to the log file (defaults to
                                 info) [possible values: error, warn, info, debug, trace, none]
        --no-file-log            Do not log to an output file
        --no-term-log            Turns off using terminal ANSI escape codes
    -p, --port <port>            port the master mock server runs on (defaults to 8080)
        --tls                    Enable TLS with the mock server (will use a self-signed
                                 certificate)
    -v, --version                Print version information

