pact_mock_server_cli-list [CLIVERSION]
Lists all the running mock servers

USAGE:
    pact_mock_server_cli list [OPTIONS]

OPTIONS:
    -h, --host <host>            hostname the master mock server runs on (defaults to localhost)
        --help                   Print help information
    -l, --loglevel <loglevel>    Log level for mock servers to write to the log file (defaults to
                                 info) [possible values: error, warn, info, debug, trace, none]
        --no-file-log            Do not log to an output file
        --no-term-log            Turns off using terminal ANSI escape codes
    -p, --port <port>            port the master mock server runs on (defaults to 8080)
    -v, --version                Print version information

