pact_mock_server_cli [CLIVERSION]
Ronald Holshausen <ronald.holshausen@gmail.com>
Standalone Pact mock server

USAGE:
    pact_mock_server_cli [OPTIONS] <SUBCOMMAND>

OPTIONS:
    -h, --host <host>            hostname the master mock server runs on (defaults to localhost)
        --help                   Print help information
    -l, --loglevel <loglevel>    Log level for mock servers to write to the log file (defaults to
                                 info) [possible values: error, warn, info, debug, trace, none]
        --no-file-log            Do not log to an output file
        --no-term-log            Turns off using terminal ANSI escape codes
    -p, --port <port>            port the master mock server runs on (defaults to 8080)
    -v, --version                Print version information

SUBCOMMANDS:
    create             Creates a new mock server from a pact file
    help               Print this message or the help of the given subcommand(s)
    list               Lists all the running mock servers
    shutdown           Shutdown the mock server by id or port number, releasing all its
                           resources
    shutdown-master    Performs a graceful shutdown of the master server (displayed when it
                           started)
    start              Starts the master mock server
    verify             Verify the mock server by id or port number, and generate a pact file if
                           all ok

