pact_mock_server_cli-shutdown [CLIVERSION]
Shutdown the mock server by id or port number, releasing all its resources

USAGE:
    pact_mock_server_cli shutdown [OPTIONS]

OPTIONS:
    -h, --host <host>
            hostname the master mock server runs on (defaults to localhost)

        --help
            Print help information

    -i, --mock-server-id <mock-server-id>
            the ID of the mock server

    -l, --loglevel <loglevel>
            Log level for mock servers to write to the log file (defaults to info) [possible values:
            error, warn, info, debug, trace, none]

    -m, --mock-server-port <mock-server-port>
            the port number of the mock server

        --no-file-log
            Do not log to an output file

        --no-term-log
            Turns off using terminal ANSI escape codes

    -p, --port <port>
            port the master mock server runs on (defaults to 8080)

    -v, --version
            Print version information

