pact_mock_server_cli-start [CLIVERSION]
Starts the master mock server

USAGE:
    pact_mock_server_cli start [OPTIONS]

OPTIONS:
        --base-port <base-port>      the base port number that mock server ports will be allocated
                                     from. If not specified, ports will be randomly assigned by the
                                     OS.
    -h, --host <host>                hostname the master mock server runs on (defaults to localhost)
        --help                       Print help information
    -l, --loglevel <loglevel>        Log level for mock servers to write to the log file (defaults
                                     to info) [possible values: error, warn, info, debug, trace,
                                     none]
        --no-file-log                Do not log to an output file
        --no-term-log                Turns off using terminal ANSI escape codes
    -o, --output <output>            the directory where to write files to (defaults to current
                                     directory)
    -p, --port <port>                port the master mock server runs on (defaults to 8080)
        --server-key <server-key>    the server key to use to authenticate shutdown requests
                                     (defaults to a random generated one)
    -v, --version                    Print version information

